-bash: ./script.sh: No such file or directory
Error

warn

                  info